// Jest Snapshot v1, https://goo.gl/fbAQLP

exports[`Pruebas en <GifItem /> debe de hacer match con el snapshot 1`] = `
<div>
  <div
    class="card"
  >
    <img
      alt="One Punch Man GIF"
      src="https://media1.giphy.com/media/VXJWhaO7afRe/giphy.gif?cid=ccfc8180dbuw2mst0bld3k6n1dqu9los0lbbu4nnh9b83hmn&rid=giphy.gif&ct=g"
    />
    <p>
      One Punch Man GIF
    </p>
  </div>
</div>
`;
